
> community-hub@0.1.0 build
> prisma generate &&next build

npm : warn The configuration property 
`package.json#prisma` is deprecated and will be 
removed in Prisma 7. Please migrate to a Prisma 
config file (e.g., `prisma.config.ts`).
At line:1 char:1
+ npm run build > 
c:\code\temp\community-hub\build-output.txt 2>&1
+ ~~~~~~~~~~~~~~~~~~~~~~~~~~~~~~~~~~~~~~~~~~~~~~~~~~~~
~~~~~~~~~~~~
    + CategoryInfo          : NotSpecified: (warn The 
    config...ma.config.ts`).:String) [], RemoteExcep  
  tion
    + FullyQualifiedErrorId : NativeCommandError
 
For more information, see: 
https://pris.ly/prisma-config

Loaded Prisma config from prisma.config.ts.

warn The Prisma config file in prisma.config.ts 
overrides the deprecated `package.json#prisma` 
property in package.json.
  For more information, see: 
https://pris.ly/prisma-config

Prisma config detected, skipping environment variable 
loading.
Prisma schema loaded from prisma\schema.prisma

Γ£ö Generated Prisma Client (v6.19.2) to .\node_modules\@prisma\client in 919ms

Start by importing your Prisma Client (See: https://pris.ly/d/importing-client)

Tip: Interested in query caching in just a few lines of code? Try Accelerate today! https://pris.ly/tip-3-accelerate

Γû▓ Next.js 16.1.6 (Turbopack)
- Environments: .env

ΓÜá The "middleware" file convention is deprecated. 
Please use "proxy" instead. Learn more: 
https://nextjs.org/docs/messages/middleware-to-proxy
  Creating an optimized production build ...
(node:33632) Warning: Setting the 
NODE_TLS_REJECT_UNAUTHORIZED environment variable to 
'0' makes TLS connections and HTTPS requests insecure 
by disabling certificate verification.
(Use `node --trace-warnings ...` to show where the 
warning was created)
Γ£ô Compiled successfully in 25.3s
  Running TypeScript ...
  Collecting page data using 7 workers ...
prisma:warn In production, we recommend using `prisma 
generate --no-engine` (See: `prisma generate --help`)
prisma:warn In production, we recommend using `prisma 
generate --no-engine` (See: `prisma generate --help`)
prisma:warn In production, we recommend using `prisma 
generate --no-engine` (See: `prisma generate --help`)
prisma:warn In production, we recommend using `prisma 
generate --no-engine` (See: `prisma generate --help`)
  Generating static pages using 7 workers (0/12) ...
  Generating static pages using 7 workers (3/12) 
  Generating static pages using 7 workers (6/12) 
  Generating static pages using 7 workers (9/12) 
Γ£ô Generating static pages using 7 workers (12/12) in 3.0s
  Finalizing page optimization ...

Route (app)
Γöî Γùï /
Γö£ Γùï /_not-found
Γö£ Γùï /admin/dashboard
Γö£ Γùï /admin/login
Γö£ Γùï /announcements
Γö£ ╞Æ /api/announcements
Γö£ ╞Æ /api/auth/login
Γö£ ╞Æ /api/events
Γö£ ╞Æ /api/events/[id]
Γö£ Γùï /events
Γö£ ╞Æ /events/[id]
Γöö Γùï /gallery


╞Æ Proxy (Middleware)

Γùï  (Static)   prerendered as static content
╞Æ  (Dynamic)  server-rendered on demand

